[50/1686] ok=49 skip=1 elapsed=557s
[100/1686] ok=71 skip=29 elapsed=572s
[150/1686] ok=82 skip=68 elapsed=916s
[200/1686] ok=83 skip=117 elapsed=993s
FAIL character_macaron.rho: The read operation timed out
[250/1686] ok=84 skip=165 elapsed=993s
FAIL character_orchid.rho: The read operation timed out
[300/1686] ok=85 skip=213 elapsed=993s
[350/1686] ok=86 skip=262 elapsed=993s
[400/1686] ok=87 skip=311 elapsed=993s
FAIL character_zhindaru.rho: [WinError 5] 拒绝访问。: 'D:\\working\\vscode-projects\\kartemu\\mirror\\p3528\\character_zhindaru.rho.part' -> 'D:\\working\\vscode-projects\\kartemu\\mirror\\p3528\\character_zhindaru.rho'
FAIL DataPack2_00002.rho5: [WinError 5] 拒绝访问。: 'D:\\working\\vscode-projects\\kartemu\\mirror\\p3528\\DataPack2_00002.rho5.part' -> 'D:\\working\\vscode-projects\\kartemu\\mirror\\p3528\\DataPack2_00002.rho5'
[450/1686] ok=89 skip=357 elapsed=2939s
FAIL DataPack2_00011.rho5: The read operation timed out
FAIL DataPack2_00018.rho5: [WinError 5] 拒绝访问。: 'D:\\working\\vscode-projects\\kartemu\\mirror\\p3528\\DataPack2_00018.rho5.part' -> 'D:\\working\\vscode-projects\\kartemu\\mirror\\p3528\\DataPack2_00018.rho5'
FAIL DataPack3_00009.rho5: [WinError 5] 拒绝访问。: 'D:\\working\\vscode-projects\\kartemu\\mirror\\p3528\\DataPack3_00009.rho5.part' -> 'D:\\working\\vscode-projects\\kartemu\\mirror\\p3528\\DataPack3_00009.rho5'
[500/1686] ok=91 skip=402 elapsed=3062s
[550/1686] ok=91 skip=452 elapsed=3062s
FAIL dialog2_userInfo.rho: [WinError 5] 拒绝访问。: 'D:\\working\\vscode-projects\\kartemu\\mirror\\p3528\\dialog2_userInfo.rho.part' -> 'D:\\working\\vscode-projects\\kartemu\\mirror\\p3528\\dialog2_userInfo.rho'
[600/1686] ok=91 skip=501 elapsed=3062s
[650/1686] ok=91 skip=551 elapsed=3062s
FAIL flyingPet_whiteBat.rho: [WinError 5] 拒绝访问。: 'D:\\working\\vscode-projects\\kartemu\\mirror\\p3528\\flyingPet_whiteBat.rho.part' -> 'D:\\working\\vscode-projects\\kartemu\\mirror\\p3528\\flyingPet_whiteBat.rho'
[700/1686] ok=92 skip=599 elapsed=3062s
[750/1686] ok=94 skip=647 elapsed=3062s
FAIL pet_dragonBoat_zongzi.rho: <urlopen error [WinError 10054] 远程主机强迫关闭了一个现有的连接。>
[800/1686] ok=95 skip=695 elapsed=3062s
[850/1686] ok=95 skip=745 elapsed=3062s
[900/1686] ok=95 skip=795 elapsed=3062s
[950/1686] ok=101 skip=839 elapsed=3062s
[1000/1686] ok=102 skip=888 elapsed=3062s
[1050/1686] ok=105 skip=935 elapsed=3062s
[1100/1686] ok=107 skip=983 elapsed=3062s
FAIL sound_pet_jujak.rho: [WinError 5] 拒绝访问。: 'D:\\working\\vscode-projects\\kartemu\\mirror\\p3528\\sound_pet_jujak.rho.part' -> 'D:\\working\\vscode-projects\\kartemu\\mirror\\p3528\\sound_pet_jujak.rho'
[1150/1686] ok=107 skip=1032 elapsed=3062s
[1200/1686] ok=110 skip=1079 elapsed=3062s
FAIL stage_mqDeathMatchTeamGame.rho: [WinError 5] 拒绝访问。: 'D:\\working\\vscode-projects\\kartemu\\mirror\\p3528\\stage_mqDeathMatchTeamGame.rho.part' -> 'D:\\working\\vscode-projects\\kartemu\\mirror\\p3528\\stage_mqDeathMatchTeamGame.rho'
[1250/1686] ok=111 skip=1127 elapsed=3062s
FAIL stage_mqTierMatchingReady.rho: <urlopen error _ssl.c:993: The handshake operation timed out>
FAIL stage_shop.rho: [WinError 5] 拒绝访问。: 'D:\\working\\vscode-projects\\kartemu\\mirror\\p3528\\stage_shop.rho.part' -> 'D:\\working\\vscode-projects\\kartemu\\mirror\\p3528\\stage_shop.rho'
[1300/1686] ok=112 skip=1174 elapsed=3062s
[1350/1686] ok=116 skip=1220 elapsed=3062s
[1400/1686] ok=121 skip=1265 elapsed=3062s
[1450/1686] ok=123 skip=1313 elapsed=3062s
[1500/1686] ok=127 skip=1359 elapsed=3062s
[1550/1686] ok=128 skip=1408 elapsed=3062s
[1600/1686] ok=129 skip=1457 elapsed=3062s
[1650/1686] ok=136 skip=1500 elapsed=3062s
DONE ok=143 skip=1529 total=1686 in 3705s
MISSING: 0
